// Jest Snapshot v1, https://goo.gl/fbAQLP

exports[`Header matches snapshot 1`] = `
Object {
  "asFragment": [Function],
  "baseElement": <body>
    <div>
      <header>
        <nav
          class="navbar navbar-expand-lg"
        >
          <div
            class="container-fluid"
          >
            <a
              class="navbar-brand"
              href="https://www.digitalfutures.com"
              rel="noreferrer"
              target="_blank"
            >
              <img
                alt="Digital Futures"
                src="logo.svg"
                width="100"
              />
            </a>
            <button
              aria-controls="navbarNavAltMarkup"
              aria-expanded="false"
              aria-label="Toggle navigation"
              class="navbar-toggler"
              data-bs-target="#navbarNavAltMarkup"
              data-bs-toggle="collapse"
              type="button"
            >
              <span
                class="navbar-toggler-icon"
              />
            </button>
            <a
              class="navbar-brand"
              href="/"
            >
              Todo App
            </a>
            <div
              class="collapse navbar-collapse"
            >
              <div
                class="navbar-nav"
              >
                <a
                  aria-current="page"
                  class="nav-link active"
                  href="/"
                >
                  All Todos
                </a>
                <a
                  class="nav-link"
                  href="/add"
                >
                  Add Todo
                </a>
              </div>
            </div>
          </div>
        </nav>
      </header>
    </div>
  </body>,
  "container": <div>
    <header>
      <nav
        class="navbar navbar-expand-lg"
      >
        <div
          class="container-fluid"
        >
          <a
            class="navbar-brand"
            href="https://www.digitalfutures.com"
            rel="noreferrer"
            target="_blank"
          >
            <img
              alt="Digital Futures"
              src="logo.svg"
              width="100"
            />
          </a>
          <button
            aria-controls="navbarNavAltMarkup"
            aria-expanded="false"
            aria-label="Toggle navigation"
            class="navbar-toggler"
            data-bs-target="#navbarNavAltMarkup"
            data-bs-toggle="collapse"
            type="button"
          >
            <span
              class="navbar-toggler-icon"
            />
          </button>
          <a
            class="navbar-brand"
            href="/"
          >
            Todo App
          </a>
          <div
            class="collapse navbar-collapse"
          >
            <div
              class="navbar-nav"
            >
              <a
                aria-current="page"
                class="nav-link active"
                href="/"
              >
                All Todos
              </a>
              <a
                class="nav-link"
                href="/add"
              >
                Add Todo
              </a>
            </div>
          </div>
        </div>
      </nav>
    </header>
  </div>,
  "debug": [Function],
  "findAllByAltText": [Function],
  "findAllByDisplayValue": [Function],
  "findAllByLabelText": [Function],
  "findAllByPlaceholderText": [Function],
  "findAllByRole": [Function],
  "findAllByTestId": [Function],
  "findAllByText": [Function],
  "findAllByTitle": [Function],
  "findByAltText": [Function],
  "findByDisplayValue": [Function],
  "findByLabelText": [Function],
  "findByPlaceholderText": [Function],
  "findByRole": [Function],
  "findByTestId": [Function],
  "findByText": [Function],
  "findByTitle": [Function],
  "getAllByAltText": [Function],
  "getAllByDisplayValue": [Function],
  "getAllByLabelText": [Function],
  "getAllByPlaceholderText": [Function],
  "getAllByRole": [Function],
  "getAllByTestId": [Function],
  "getAllByText": [Function],
  "getAllByTitle": [Function],
  "getByAltText": [Function],
  "getByDisplayValue": [Function],
  "getByLabelText": [Function],
  "getByPlaceholderText": [Function],
  "getByRole": [Function],
  "getByTestId": [Function],
  "getByText": [Function],
  "getByTitle": [Function],
  "queryAllByAltText": [Function],
  "queryAllByDisplayValue": [Function],
  "queryAllByLabelText": [Function],
  "queryAllByPlaceholderText": [Function],
  "queryAllByRole": [Function],
  "queryAllByTestId": [Function],
  "queryAllByText": [Function],
  "queryAllByTitle": [Function],
  "queryByAltText": [Function],
  "queryByDisplayValue": [Function],
  "queryByLabelText": [Function],
  "queryByPlaceholderText": [Function],
  "queryByRole": [Function],
  "queryByTestId": [Function],
  "queryByText": [Function],
  "queryByTitle": [Function],
  "rerender": [Function],
  "unmount": [Function],
}
`;
